// Vitest Snapshot v1, https://vitest.dev/guide/snapshot.html

exports[`icon module > the icon name list changes only deliberately 1`] = `
[
  "IconActivity",
  "IconActualSize",
  "IconAlertCircle",
  "IconAlertTriangle",
  "IconArrowDown",
  "IconArrowDownLeft",
  "IconArrowDownRight",
  "IconArrowLeft",
  "IconArrowRight",
  "IconArrowRightLeft",
  "IconArrowUp",
  "IconArrowUpLeft",
  "IconArrowUpRight",
  "IconAward",
  "IconBarChart2",
  "IconBarChart3",
  "IconBarChart4",
  "IconBattery",
  "IconBinary",
  "IconBitcoin",
  "IconBookOpen",
  "IconBox",
  "IconBraces",
  "IconBrackets",
  "IconBrain",
  "IconBuilding2",
  "IconCalculator",
  "IconCalendar",
  "IconCheck",
  "IconCheckCheck",
  "IconCheckCircle",
  "IconCheckCircle2",
  "IconChevronDown",
  "IconChevronLeft",
  "IconChevronRight",
  "IconChevronUp",
  "IconCircle",
  "IconClipboard",
  "IconClock",
  "IconCode",
  "IconCodeXml",
  "IconCoffee",
  "IconCoins",
  "IconColumns",
  "IconCopy",
  "IconCpu",
  "IconDice1",
  "IconDivide",
  "IconDock",
  "IconDownload",
  "IconDroplet",
  "IconDroplets",
  "IconEqual",
  "IconEraser",
  "IconExternalLink",
  "IconEye",
  "IconEyeOff",
  "IconFileCode",
  "IconFileDown",
  "IconFileImage",
  "IconFileJson",
  "IconFilePlus",
  "IconFileStack",
  "IconFileText",
  "IconFileUp",
  "IconFilter",
  "IconFlame",
  "IconFolder",
  "IconFolderOpen",
  "IconFolderPlus",
  "IconFormInput",
  "IconGauge",
  "IconGithub",
  "IconGlobe",
  "IconGripVertical",
  "IconHardDrive",
  "IconHash",
  "IconHighlighter",
  "IconHistory",
  "IconHome",
  "IconImage",
  "IconImageOff",
  "IconImages",
  "IconInfo",
  "IconInspectorToggle",
  "IconKey",
  "IconKeyRound",
  "IconLayers",
  "IconLayoutFocus",
  "IconLayoutGrid",
  "IconLayoutLeftRight",
  "IconLayoutStandard",
  "IconLayoutTopBottom",
  "IconLink",
  "IconLink2",
  "IconList",
  "IconListOrdered",
  "IconListTodo",
  "IconLocate",
  "IconLock",
  "IconMail",
  "IconMap",
  "IconMaximize",
  "IconMenu",
  "IconMerge",
  "IconMinimize2",
  "IconMinus",
  "IconMonitor",
  "IconMoon",
  "IconMoreHorizontal",
  "IconMoveRight",
  "IconNetwork",
  "IconPalette",
  "IconPanelLeft",
  "IconPanelRight",
  "IconPause",
  "IconPen",
  "IconPercent",
  "IconPhone",
  "IconPlay",
  "IconPlayCircle",
  "IconPlus",
  "IconPlusCircle",
  "IconPower",
  "IconQrCode",
  "IconRailToggle",
  "IconRedo",
  "IconRefreshCw",
  "IconRotateCcw",
  "IconRotateCw",
  "IconRuler",
  "IconSave",
  "IconScale",
  "IconScissors",
  "IconSearch",
  "IconSend",
  "IconSettings",
  "IconSettings2",
  "IconShapes",
  "IconShield",
  "IconShieldAlert",
  "IconShieldCheck",
  "IconShieldOff",
  "IconShieldX",
  "IconSignature",
  "IconSkipForward",
  "IconSparkles",
  "IconSplit",
  "IconSquare",
  "IconStar",
  "IconStarFilled",
  "IconStickyNote",
  "IconStrikethrough",
  "IconSun",
  "IconTable",
  "IconTags",
  "IconTarget",
  "IconThermometer",
  "IconTimer",
  "IconTrash",
  "IconTrash2",
  "IconTrendingUp",
  "IconType",
  "IconUnderline",
  "IconUndo",
  "IconUnlock",
  "IconUpload",
  "IconUser",
  "IconWallet",
  "IconWand2",
  "IconWifi",
  "IconX",
  "IconZap",
  "IconZoomFitPage",
  "IconZoomFitWidth",
  "IconZoomIn",
  "IconZoomOut",
  "KeyArrowDown",
  "KeyArrowLeft",
  "KeyArrowRight",
  "KeyArrowUp",
  "KeyBackspace",
  "KeyCommand",
  "KeyControl",
  "KeyEnter",
  "KeyEscape",
  "KeyOption",
  "KeyShift",
  "KeyTab",
  "Logo",
  "LogoMark",
]
`;
